Loaded pigauto from installed library
[   0.0s] Loading bundled AVONET 300 (avonet300 + tree300) ...
[   0.0s] Aligned: 300 species x 7 traits
[   0.0s] Held-out test cells per trait:
              Mass Beak.Length_Culmen      Tarsus.Length        Wing.Length 
                90                 90                 90                 90 
     Trophic.Level  Primary.Lifestyle          Migration 
                90                 90                 90 
[   0.1s] [STAGE] mean_baseline starting
[   0.1s] [STAGE] mean_baseline done in 0 s
[   0.1s] [STAGE] pigauto_default starting
Using device: mps
epoch  100 | rec 0.2189 | shrink 0.8097 | gate 0.0120 | lr 1.5e-03 | val 0.4739 | best Inf | pat 10
epoch  200 | rec 0.0793 | shrink 0.9552 | gate 0.0148 | lr 3.0e-03 | val 0.4674 | best 0.4739 | pat 10
epoch  300 | rec 0.0411 | shrink 0.9760 | gate 0.0217 | lr 2.3e-03 | val 0.4659 | best 0.4674 | pat 10
epoch  400 | rec 0.0354 | shrink 0.8975 | gate 0.0272 | lr 7.6e-04 | val 0.4596 | best 0.4659 | pat 10
epoch  500 | rec 0.0327 | shrink 0.9028 | gate 0.0282 | lr 1.0e-05 | val 0.4591 | best 0.4596 | pat 10
Calibrating gates on validation set...
Calibrated gates: Mass=1, Beak.Length_Culmen=0, Tarsus.Length=0.5, Wing.Length=1, Trophic.Level=Carnivore=0, Trophic.Level=Herbivore=0, Trophic.Level=Omnivore=0, Trophic.Level=Scavenger=0, Primary.Lifestyle=Aerial=0, Primary.Lifestyle=Aquatic=0, Primary.Lifestyle=Generalist=0, Primary.Lifestyle=Insessorial=0, Primary.Lifestyle=Terrestrial=0, Migration=0
Warning: Small validation set for 4 trait(s): Mass (n=15), Tarsus.Length (n=18), Trophic.Level (n=18), Primary.Lifestyle (n=19). Calibrated gate and conformal scores will be noisy; coverage may deviate from the 95%% target. See `?fit_pigauto` under 'Calibration at small n' for smoothing options.
Conformal scores (latent scale, method=split): Mass=0.6663, Beak.Length_Culmen=1.1261, Tarsus.Length=0.9933, Wing.Length=1.1214, Migration=2.6309
[ 362.1s] [STAGE] pigauto_default done in 362 s
[ 362.1s] [STAGE] bace_default starting
Warning in .make_prior(n_rand = n_rand_eff, n_levels = levels, type = types[[response_var]],  :
  Not enough complete cases to compute Gelman prior or gelman=2. Using pseudo-Gelman prior.
Warning in .make_prior(n_rand = n_rand_eff, n_levels = levels, type = types[[response_var]],  :
  Not enough complete cases to compute Gelman prior or gelman=2. Using pseudo-Gelman prior.
Warning in .make_prior(n_rand = n_rand_eff, n_levels = levels, type = types[[response_var]],  :
  Not enough complete cases to compute Gelman prior or gelman=2. Using pseudo-Gelman prior.
Warning in .make_prior(n_rand = n_rand_eff, n_levels = levels, type = types[[response_var]],  :
  Not enough complete cases to compute Gelman prior or gelman=2. Using pseudo-Gelman prior.
Warning in assess_convergence(start, method = "summary") :
  Only 2 iterations available. Minimum of 3 recommended for convergence assessment
Warning in .make_prior(n_rand = n_rand_eff, n_levels = levels, type = types[[response_var]],  :
  Not enough complete cases to compute Gelman prior or gelman=2. Using pseudo-Gelman prior.
Warning in .make_prior(n_rand = n_rand_eff, n_levels = levels, type = types[[response_var]],  :
  Not enough complete cases to compute Gelman prior or gelman=2. Using pseudo-Gelman prior.
Warning in .make_prior(n_rand = n_rand_eff, n_levels = levels, type = types[[response_var]],  :
  Not enough complete cases to compute Gelman prior or gelman=2. Using pseudo-Gelman prior.
Warning in .make_prior(n_rand = n_rand_eff, n_levels = levels, type = types[[response_var]],  :
  Not enough complete cases to compute Gelman prior or gelman=2. Using pseudo-Gelman prior.
[ 421.4s] [STAGE] bace_default done in 59.4 s
[ 421.5s] === DONE ===
[ 421.5s]   rds: script/bench_avonet_bace.rds
[ 421.5s]   md : script/bench_avonet_bace.md
